// Jest Snapshot v1, https://goo.gl/fbAQLP

exports[`Step2 page should match snapshot when format json 1`] = `
<Step2>
  <div
    className="step2-content"
  >
    <Table
      responsiveTag="div"
      tag="table"
    >
      <table
        className="table"
      >
        <thead>
          <tr>
            <th>
              #
            </th>
            <th>
              ID
            </th>
            <th>
              Avatar
            </th>
            <th>
              User Name
            </th>
            <th>
              Repo Name
            </th>
            <th>
              Repo description
            </th>
            <th>
              Repo Url
            </th>
          </tr>
        </thead>
        <tbody>
          <h1>
            Loading.. please wait!
          </h1>
        </tbody>
      </table>
    </Table>
    <Pagination
      tag="ul"
    >
      <ul
        className="pagination"
      >
        <PaginationItem
          active={true}
          key="1"
          tag="li"
        >
          <li
            className="page-item active"
          >
            <PaginationLink
              id="pagination-link-1"
              onClick={[Function]}
              tag="a"
            >
              <a
                className="page-link"
                id="pagination-link-1"
                onClick={[Function]}
              >
                1
              </a>
            </PaginationLink>
          </li>
        </PaginationItem>
        <PaginationItem
          active={false}
          key="2"
          tag="li"
        >
          <li
            className="page-item"
          >
            <PaginationLink
              id="pagination-link-2"
              onClick={[Function]}
              tag="a"
            >
              <a
                className="page-link"
                id="pagination-link-2"
                onClick={[Function]}
              >
                2
              </a>
            </PaginationLink>
          </li>
        </PaginationItem>
        <PaginationItem
          active={false}
          key="3"
          tag="li"
        >
          <li
            className="page-item"
          >
            <PaginationLink
              id="pagination-link-3"
              onClick={[Function]}
              tag="a"
            >
              <a
                className="page-link"
                id="pagination-link-3"
                onClick={[Function]}
              >
                3
              </a>
            </PaginationLink>
          </li>
        </PaginationItem>
        <PaginationItem
          active={false}
          key="4"
          tag="li"
        >
          <li
            className="page-item"
          >
            <PaginationLink
              id="pagination-link-4"
              onClick={[Function]}
              tag="a"
            >
              <a
                className="page-link"
                id="pagination-link-4"
                onClick={[Function]}
              >
                4
              </a>
            </PaginationLink>
          </li>
        </PaginationItem>
        <PaginationItem
          active={false}
          key="5"
          tag="li"
        >
          <li
            className="page-item"
          >
            <PaginationLink
              id="pagination-link-5"
              onClick={[Function]}
              tag="a"
            >
              <a
                className="page-link"
                id="pagination-link-5"
                onClick={[Function]}
              >
                5
              </a>
            </PaginationLink>
          </li>
        </PaginationItem>
        <PaginationItem
          active={false}
          key="6"
          tag="li"
        >
          <li
            className="page-item"
          >
            <PaginationLink
              id="pagination-link-6"
              onClick={[Function]}
              tag="a"
            >
              <a
                className="page-link"
                id="pagination-link-6"
                onClick={[Function]}
              >
                6
              </a>
            </PaginationLink>
          </li>
        </PaginationItem>
        <PaginationItem
          active={false}
          key="7"
          tag="li"
        >
          <li
            className="page-item"
          >
            <PaginationLink
              id="pagination-link-7"
              onClick={[Function]}
              tag="a"
            >
              <a
                className="page-link"
                id="pagination-link-7"
                onClick={[Function]}
              >
                7
              </a>
            </PaginationLink>
          </li>
        </PaginationItem>
        <PaginationItem
          active={false}
          key="8"
          tag="li"
        >
          <li
            className="page-item"
          >
            <PaginationLink
              id="pagination-link-8"
              onClick={[Function]}
              tag="a"
            >
              <a
                className="page-link"
                id="pagination-link-8"
                onClick={[Function]}
              >
                8
              </a>
            </PaginationLink>
          </li>
        </PaginationItem>
        <PaginationItem
          active={false}
          key="9"
          tag="li"
        >
          <li
            className="page-item"
          >
            <PaginationLink
              id="pagination-link-9"
              onClick={[Function]}
              tag="a"
            >
              <a
                className="page-link"
                id="pagination-link-9"
                onClick={[Function]}
              >
                9
              </a>
            </PaginationLink>
          </li>
        </PaginationItem>
        <PaginationItem
          active={false}
          key="10"
          tag="li"
        >
          <li
            className="page-item"
          >
            <PaginationLink
              id="pagination-link-10"
              onClick={[Function]}
              tag="a"
            >
              <a
                className="page-link"
                id="pagination-link-10"
                onClick={[Function]}
              >
                10
              </a>
            </PaginationLink>
          </li>
        </PaginationItem>
      </ul>
    </Pagination>
  </div>
</Step2>
`;
